Archive member included because of file (symbol)

..\..\..\..\genericFunction\genericFunction_Lib\Debug\bin\libgenericfunction_lib.a(main.o)
                              ..\obj\main.o (createList)
c:/program files/arm gcc/bin/../lib/gcc/arm-none-eabi/4.9.3/armv7-m\libgcc.a(_arm_addsubdf3.o)
                              ..\obj\cpuLoad.o (__aeabi_i2d)
c:/program files/arm gcc/bin/../lib/gcc/arm-none-eabi/4.9.3/armv7-m\libgcc.a(_arm_muldivdf3.o)
                              ..\obj\cpuLoad.o (__aeabi_dmul)
c:/program files/arm gcc/bin/../lib/gcc/arm-none-eabi/4.9.3/armv7-m\libgcc.a(_arm_truncdfsf2.o)
                              ..\obj\cpuLoad.o (__aeabi_d2f)
c:/program files/arm gcc/bin/../lib/gcc/arm-none-eabi/4.9.3/armv7-m\libgcc.a(_arm_fixsfsi.o)
                              ..\obj\cpuLoad.o (__aeabi_f2iz)
c:/program files/arm gcc/bin/../lib/gcc/arm-none-eabi/4.9.3/../../../../arm-none-eabi/lib/armv7-m\libg.a(lib_a-malloc.o)
                              ..\obj\main.o (malloc)
c:/program files/arm gcc/bin/../lib/gcc/arm-none-eabi/4.9.3/../../../../arm-none-eabi/lib/armv7-m\libg.a(lib_a-mallocr.o)
                              c:/program files/arm gcc/bin/../lib/gcc/arm-none-eabi/4.9.3/../../../../arm-none-eabi/lib/armv7-m\libg.a(lib_a-malloc.o) (_malloc_r)
c:/program files/arm gcc/bin/../lib/gcc/arm-none-eabi/4.9.3/../../../../arm-none-eabi/lib/armv7-m\libg.a(lib_a-mlock.o)
                              c:/program files/arm gcc/bin/../lib/gcc/arm-none-eabi/4.9.3/../../../../arm-none-eabi/lib/armv7-m\libg.a(lib_a-mallocr.o) (__malloc_lock)
c:/program files/arm gcc/bin/../lib/gcc/arm-none-eabi/4.9.3/../../../../arm-none-eabi/lib/armv7-m\libg.a(lib_a-sbrkr.o)
                              c:/program files/arm gcc/bin/../lib/gcc/arm-none-eabi/4.9.3/../../../../arm-none-eabi/lib/armv7-m\libg.a(lib_a-mallocr.o) (_sbrk_r)
c:/program files/arm gcc/bin/../lib/gcc/arm-none-eabi/4.9.3/../../../../arm-none-eabi/lib/armv7-m\libg.a(lib_a-strcmp.o)
                              ..\obj\parcing.o (strcmp)
c:/program files/arm gcc/bin/../lib/gcc/arm-none-eabi/4.9.3/../../../../arm-none-eabi/lib/armv7-m\libg.a(lib_a-strcpy.o)
                              ..\obj\parcing.o (strcpy)
c:/program files/arm gcc/bin/../lib/gcc/arm-none-eabi/4.9.3/../../../../arm-none-eabi/lib/armv7-m\libg.a(lib_a-strlen.o)
                              ..\obj\compareFunction.o (strlen)
c:/program files/arm gcc/bin/../lib/gcc/arm-none-eabi/4.9.3/../../../../arm-none-eabi/lib/armv7-m\libg.a(lib_a-strtok.o)
                              ..\obj\cpuLoad.o (strtok)
c:/program files/arm gcc/bin/../lib/gcc/arm-none-eabi/4.9.3/../../../../arm-none-eabi/lib/armv7-m\libg.a(lib_a-strtok_r.o)
                              c:/program files/arm gcc/bin/../lib/gcc/arm-none-eabi/4.9.3/../../../../arm-none-eabi/lib/armv7-m\libg.a(lib_a-strtok.o) (__strtok_r)
c:/program files/arm gcc/bin/../lib/gcc/arm-none-eabi/4.9.3/../../../../arm-none-eabi/lib/armv7-m\libg.a(lib_a-freer.o)
                              c:/program files/arm gcc/bin/../lib/gcc/arm-none-eabi/4.9.3/../../../../arm-none-eabi/lib/armv7-m\libg.a(lib_a-malloc.o) (_free_r)
c:/program files/arm gcc/bin/../lib/gcc/arm-none-eabi/4.9.3/../../../../arm-none-eabi/lib/armv7-m\libg.a(lib_a-impure.o)
                              c:/program files/arm gcc/bin/../lib/gcc/arm-none-eabi/4.9.3/../../../../arm-none-eabi/lib/armv7-m\libg.a(lib_a-malloc.o) (_impure_ptr)
c:/program files/arm gcc/bin/../lib/gcc/arm-none-eabi/4.9.3/../../../../arm-none-eabi/lib/armv7-m\libg.a(lib_a-reent.o)
                              c:/program files/arm gcc/bin/../lib/gcc/arm-none-eabi/4.9.3/../../../../arm-none-eabi/lib/armv7-m\libg.a(lib_a-sbrkr.o) (errno)

Allocating common symbols
Common symbol       size              file

errno               0x4               c:/program files/arm gcc/bin/../lib/gcc/arm-none-eabi/4.9.3/../../../../arm-none-eabi/lib/armv7-m\libg.a(lib_a-reent.o)
RTC_TimeStruct      0x4               ..\obj\main.o
funRetValue         0x4               ..\obj\rtcInit.o
cpuLoadBuffer       0xea              ..\obj\cpuLoad.o
tempAssignValueContact
                    0x20              ..\obj\rtcInit.o
myQueue             0x30              ..\obj\rtcInit.o
gUartRxDataBuffer   0x28              ..\obj\main.o
duration            0x8               ..\obj\main.o
headContact         0x4               ..\obj\rtcInit.o
loopRange           0x8               ..\obj\main.o
headCallLog         0x4               ..\obj\rtcInit.o
preNodeLog          0x30              ..\obj\rtcInit.o

Memory Configuration

Name             Origin             Length             Attributes
rom              0x08000000         0x00020000         xr
ram              0x20000000         0x00004000         xrw
*default*        0x00000000         0xffffffff

Linker script and memory map

                0x20004000                _eram = 0x20004000

.text           0x08000000     0x6a54
 *(.isr_vector)
 .isr_vector    0x08000000       0xf4 ..\obj\startup_stm32l1xx_md.o
                0x08000000                g_pfnVectors
 *(.text*)
 .text          0x080000f4        0x0 ..\obj\rtcInit.o
 .text.realTimeClockInit
                0x080000f4       0xcc ..\obj\rtcInit.o
                0x080000f4                realTimeClockInit
 .text.secondsCalculate
                0x080001c0       0xbc ..\obj\rtcInit.o
                0x080001c0                secondsCalculate
 .text          0x0800027c        0x0 ..\obj\stm32l1xx_gpio.o
 .text.GPIO_DeInit
                0x0800027c       0xfc ..\obj\stm32l1xx_gpio.o
                0x0800027c                GPIO_DeInit
 .text.GPIO_Init
                0x08000378      0x128 ..\obj\stm32l1xx_gpio.o
                0x08000378                GPIO_Init
 .text.GPIO_StructInit
                0x080004a0       0x34 ..\obj\stm32l1xx_gpio.o
                0x080004a0                GPIO_StructInit
 .text.GPIO_PinLockConfig
                0x080004d4       0x44 ..\obj\stm32l1xx_gpio.o
                0x080004d4                GPIO_PinLockConfig
 .text.GPIO_ReadInputDataBit
                0x08000518       0x38 ..\obj\stm32l1xx_gpio.o
                0x08000518                GPIO_ReadInputDataBit
 .text.GPIO_ReadInputData
                0x08000550       0x1c ..\obj\stm32l1xx_gpio.o
                0x08000550                GPIO_ReadInputData
 .text.GPIO_ReadOutputDataBit
                0x0800056c       0x38 ..\obj\stm32l1xx_gpio.o
                0x0800056c                GPIO_ReadOutputDataBit
 .text.GPIO_ReadOutputData
                0x080005a4       0x1c ..\obj\stm32l1xx_gpio.o
                0x080005a4                GPIO_ReadOutputData
 .text.GPIO_SetBits
                0x080005c0       0x1c ..\obj\stm32l1xx_gpio.o
                0x080005c0                GPIO_SetBits
 .text.GPIO_ResetBits
                0x080005dc       0x1c ..\obj\stm32l1xx_gpio.o
                0x080005dc                GPIO_ResetBits
 .text.GPIO_WriteBit
                0x080005f8       0x30 ..\obj\stm32l1xx_gpio.o
                0x080005f8                GPIO_WriteBit
 .text.GPIO_Write
                0x08000628       0x1c ..\obj\stm32l1xx_gpio.o
                0x08000628                GPIO_Write
 .text.GPIO_ToggleBits
                0x08000644       0x28 ..\obj\stm32l1xx_gpio.o
                0x08000644                GPIO_ToggleBits
 .text.GPIO_PinAFConfig
                0x0800066c       0x90 ..\obj\stm32l1xx_gpio.o
                0x0800066c                GPIO_PinAFConfig
 .text          0x080006fc        0x0 ..\obj\stm32l1xx_pwr.o
 .text.PWR_DeInit
                0x080006fc       0x1c ..\obj\stm32l1xx_pwr.o
                0x080006fc                PWR_DeInit
 .text.PWR_RTCAccessCmd
                0x08000718       0x20 ..\obj\stm32l1xx_pwr.o
                0x08000718                PWR_RTCAccessCmd
 .text.PWR_PVDLevelConfig
                0x08000738       0x38 ..\obj\stm32l1xx_pwr.o
                0x08000738                PWR_PVDLevelConfig
 .text.PWR_PVDCmd
                0x08000770       0x20 ..\obj\stm32l1xx_pwr.o
                0x08000770                PWR_PVDCmd
 .text.PWR_WakeUpPinCmd
                0x08000790       0x30 ..\obj\stm32l1xx_pwr.o
                0x08000790                PWR_WakeUpPinCmd
 .text.PWR_FastWakeUpCmd
                0x080007c0       0x20 ..\obj\stm32l1xx_pwr.o
                0x080007c0                PWR_FastWakeUpCmd
 .text.PWR_UltraLowPowerCmd
                0x080007e0       0x20 ..\obj\stm32l1xx_pwr.o
                0x080007e0                PWR_UltraLowPowerCmd
 .text.PWR_VoltageScalingConfig
                0x08000800       0x3c ..\obj\stm32l1xx_pwr.o
                0x08000800                PWR_VoltageScalingConfig
 .text.PWR_EnterLowPowerRunMode
                0x0800083c       0x50 ..\obj\stm32l1xx_pwr.o
                0x0800083c                PWR_EnterLowPowerRunMode
 .text.PWR_EnterSleepMode
                0x0800088c       0x58 ..\obj\stm32l1xx_pwr.o
                0x0800088c                PWR_EnterSleepMode
 .text.PWR_EnterSTOPMode
                0x080008e4       0x64 ..\obj\stm32l1xx_pwr.o
                0x080008e4                PWR_EnterSTOPMode
 .text.PWR_EnterSTANDBYMode
                0x08000948       0x3c ..\obj\stm32l1xx_pwr.o
                0x08000948                PWR_EnterSTANDBYMode
 .text.PWR_GetFlagStatus
                0x08000984       0x34 ..\obj\stm32l1xx_pwr.o
                0x08000984                PWR_GetFlagStatus
 .text.PWR_ClearFlag
                0x080009b8       0x24 ..\obj\stm32l1xx_pwr.o
                0x080009b8                PWR_ClearFlag
 .text          0x080009dc        0x0 ..\obj\uartInit.o
 .text.UartInit
                0x080009dc       0xac ..\obj\uartInit.o
                0x080009dc                UartInit
 .text.UartPrint
                0x08000a88       0x40 ..\obj\uartInit.o
                0x08000a88                UartPrint
 .text.UartRead
                0x08000ac8       0x24 ..\obj\uartInit.o
                0x08000ac8                UartRead
 .text.USART1_IRQHandler
                0x08000aec       0x80 ..\obj\uartInit.o
                0x08000aec                USART1_IRQHandler
 .text          0x08000b6c        0x0 ..\obj\startup_stm32l1xx_md.o
 .text.Default_Reset_Handler
                0x08000b6c       0x64 ..\obj\startup_stm32l1xx_md.o
                0x08000b6c                RTC_Alarm_IRQHandler
                0x08000b6c                EXTI2_IRQHandler
                0x08000b6c                TIM10_IRQHandler
                0x08000b6c                USB_HP_IRQHandler
                0x08000b6c                TIM6_IRQHandler
                0x08000b6c                PVD_IRQHandler
                0x08000b6c                EXTI3_IRQHandler
                0x08000b6c                EXTI0_IRQHandler
                0x08000b6c                I2C2_EV_IRQHandler
                0x08000b6c                SPI1_IRQHandler
                0x08000b6c                USB_FS_WKUP_IRQHandler
                0x08000b6c                DMA1_Channel4_IRQHandler
                0x08000b6c                ADC1_IRQHandler
                0x08000b6c                USART3_IRQHandler
                0x08000b6c                DMA1_Channel7_IRQHandler
                0x08000b6c                Reset_Handler
                0x08000b6c                LCD_IRQHandler
                0x08000b6c                TIM4_IRQHandler
                0x08000b6c                I2C1_EV_IRQHandler
                0x08000b6c                DMA1_Channel6_IRQHandler
                0x08000b6c                TIM3_IRQHandler
                0x08000b6c                RCC_IRQHandler
                0x08000b6c                DMA1_Channel1_IRQHandler
                0x08000b6c                EXTI15_10_IRQHandler
                0x08000b6c                Default_Reset_Handler
                0x08000b6c                TIM7_IRQHandler
                0x08000b6c                EXTI9_5_IRQHandler
                0x08000b6c                TIM9_IRQHandler
                0x08000b6c                TAMPER_STAMP_IRQHandler
                0x08000b6c                RTC_WKUP_IRQHandler
                0x08000b6c                SPI2_IRQHandler
                0x08000b6c                DMA1_Channel5_IRQHandler
                0x08000b6c                USB_LP_IRQHandler
                0x08000b6c                EXTI4_IRQHandler
                0x08000b6c                DMA1_Channel3_IRQHandler
                0x08000b6c                COMP_IRQHandler
                0x08000b6c                WWDG_IRQHandler
                0x08000b6c                TIM2_IRQHandler
                0x08000b6c                DAC_IRQHandler
                0x08000b6c                EXTI1_IRQHandler
                0x08000b6c                TIM11_IRQHandler
                0x08000b6c                USART2_IRQHandler
                0x08000b6c                I2C2_ER_IRQHandler
                0x08000b6c                DMA1_Channel2_IRQHandler
                0x08000b6c                FLASH_IRQHandler
                0x08000b6c                I2C1_ER_IRQHandler
 .text.Default_Handler
                0x08000bd0        0x8 ..\obj\startup_stm32l1xx_md.o
                0x08000bd0                HardFault_Handler
                0x08000bd0                PendSV_Handler
                0x08000bd0                NMI_Handler
                0x08000bd0                UsageFault_Handler
                0x08000bd0                MemManage_Handler
                0x08000bd0                SVC_Handler
                0x08000bd0                BusFault_Handler
                0x08000bd0                DebugMon_Handler
 .text          0x08000bd8        0x0 ..\obj\cpuLoad.o
 .text.intToChar
                0x08000bd8       0xbc ..\obj\cpuLoad.o
                0x08000bd8                intToChar
 *fill*         0x08000c94        0x4 
 .text.dataPush
                0x08000c98       0xb8 ..\obj\cpuLoad.o
                0x08000c98                dataPush
 .text.cpuLoad  0x08000d50       0x6c ..\obj\cpuLoad.o
                0x08000d50                cpuLoad
 .text.getCpuLoad
                0x08000dbc       0x54 ..\obj\cpuLoad.o
                0x08000dbc                getCpuLoad
 .text.SysTick_Handler
                0x08000e10       0x68 ..\obj\cpuLoad.o
                0x08000e10                SysTick_Handler
 .text          0x08000e78        0x0 ..\obj\parcing.o
 .text.parsing  0x08000e78       0xc4 ..\obj\parcing.o
                0x08000e78                parsing
 .text          0x08000f3c        0x0 ..\obj\stm32l1xx_rcc.o
 .text.RCC_DeInit
                0x08000f3c       0x5c ..\obj\stm32l1xx_rcc.o
                0x08000f3c                RCC_DeInit
 .text.RCC_HSEConfig
                0x08000f98       0x24 ..\obj\stm32l1xx_rcc.o
                0x08000f98                RCC_HSEConfig
 .text.RCC_WaitForHSEStartUp
                0x08000fbc       0x50 ..\obj\stm32l1xx_rcc.o
                0x08000fbc                RCC_WaitForHSEStartUp
 .text.RCC_AdjustMSICalibrationValue
                0x0800100c       0x20 ..\obj\stm32l1xx_rcc.o
                0x0800100c                RCC_AdjustMSICalibrationValue
 .text.RCC_MSIRangeConfig
                0x0800102c       0x38 ..\obj\stm32l1xx_rcc.o
                0x0800102c                RCC_MSIRangeConfig
 .text.RCC_MSICmd
                0x08001064       0x20 ..\obj\stm32l1xx_rcc.o
                0x08001064                RCC_MSICmd
 .text.RCC_AdjustHSICalibrationValue
                0x08001084       0x3c ..\obj\stm32l1xx_rcc.o
                0x08001084                RCC_AdjustHSICalibrationValue
 .text.RCC_HSICmd
                0x080010c0       0x20 ..\obj\stm32l1xx_rcc.o
                0x080010c0                RCC_HSICmd
 .text.RCC_LSEConfig
                0x080010e0       0x24 ..\obj\stm32l1xx_rcc.o
                0x080010e0                RCC_LSEConfig
 .text.RCC_LSICmd
                0x08001104       0x20 ..\obj\stm32l1xx_rcc.o
                0x08001104                RCC_LSICmd
 .text.RCC_PLLConfig
                0x08001124       0x34 ..\obj\stm32l1xx_rcc.o
                0x08001124                RCC_PLLConfig
 .text.RCC_PLLCmd
                0x08001158       0x20 ..\obj\stm32l1xx_rcc.o
                0x08001158                RCC_PLLCmd
 .text.RCC_ClockSecuritySystemCmd
                0x08001178       0x20 ..\obj\stm32l1xx_rcc.o
                0x08001178                RCC_ClockSecuritySystemCmd
 .text.RCC_LSEClockSecuritySystemCmd
                0x08001198       0x20 ..\obj\stm32l1xx_rcc.o
                0x08001198                RCC_LSEClockSecuritySystemCmd
 .text.RCC_MCOConfig
                0x080011b8       0x2c ..\obj\stm32l1xx_rcc.o
                0x080011b8                RCC_MCOConfig
 .text.RCC_SYSCLKConfig
                0x080011e4       0x38 ..\obj\stm32l1xx_rcc.o
                0x080011e4                RCC_SYSCLKConfig
 .text.RCC_GetSYSCLKSource
                0x0800121c       0x20 ..\obj\stm32l1xx_rcc.o
                0x0800121c                RCC_GetSYSCLKSource
 .text.RCC_HCLKConfig
                0x0800123c       0x38 ..\obj\stm32l1xx_rcc.o
                0x0800123c                RCC_HCLKConfig
 .text.RCC_PCLK1Config
                0x08001274       0x38 ..\obj\stm32l1xx_rcc.o
                0x08001274                RCC_PCLK1Config
 .text.RCC_PCLK2Config
                0x080012ac       0x38 ..\obj\stm32l1xx_rcc.o
                0x080012ac                RCC_PCLK2Config
 .text.RCC_GetClocksFreq
                0x080012e4      0x1b4 ..\obj\stm32l1xx_rcc.o
                0x080012e4                RCC_GetClocksFreq
 .text.RCC_RTCCLKConfig
                0x08001498       0x64 ..\obj\stm32l1xx_rcc.o
                0x08001498                RCC_RTCCLKConfig
 .text.RCC_RTCCLKCmd
                0x080014fc       0x20 ..\obj\stm32l1xx_rcc.o
                0x080014fc                RCC_RTCCLKCmd
 .text.RCC_RTCResetCmd
                0x0800151c       0x20 ..\obj\stm32l1xx_rcc.o
                0x0800151c                RCC_RTCResetCmd
 .text.RCC_AHBPeriphClockCmd
                0x0800153c       0x3c ..\obj\stm32l1xx_rcc.o
                0x0800153c                RCC_AHBPeriphClockCmd
 .text.RCC_APB2PeriphClockCmd
                0x08001578       0x3c ..\obj\stm32l1xx_rcc.o
                0x08001578                RCC_APB2PeriphClockCmd
 .text.RCC_APB1PeriphClockCmd
                0x080015b4       0x3c ..\obj\stm32l1xx_rcc.o
                0x080015b4                RCC_APB1PeriphClockCmd
 .text.RCC_AHBPeriphResetCmd
                0x080015f0       0x3c ..\obj\stm32l1xx_rcc.o
                0x080015f0                RCC_AHBPeriphResetCmd
 .text.RCC_APB2PeriphResetCmd
                0x0800162c       0x3c ..\obj\stm32l1xx_rcc.o
                0x0800162c                RCC_APB2PeriphResetCmd
 .text.RCC_APB1PeriphResetCmd
                0x08001668       0x3c ..\obj\stm32l1xx_rcc.o
                0x08001668                RCC_APB1PeriphResetCmd
 .text.RCC_AHBPeriphClockLPModeCmd
                0x080016a4       0x3c ..\obj\stm32l1xx_rcc.o
                0x080016a4                RCC_AHBPeriphClockLPModeCmd
 .text.RCC_APB2PeriphClockLPModeCmd
                0x080016e0       0x3c ..\obj\stm32l1xx_rcc.o
                0x080016e0                RCC_APB2PeriphClockLPModeCmd
 .text.RCC_APB1PeriphClockLPModeCmd
                0x0800171c       0x3c ..\obj\stm32l1xx_rcc.o
                0x0800171c                RCC_APB1PeriphClockLPModeCmd
 .text.RCC_ITConfig
                0x08001758       0x4c ..\obj\stm32l1xx_rcc.o
                0x08001758                RCC_ITConfig
 .text.RCC_GetFlagStatus
                0x080017a4       0x68 ..\obj\stm32l1xx_rcc.o
                0x080017a4                RCC_GetFlagStatus
 .text.RCC_ClearFlag
                0x0800180c       0x1c ..\obj\stm32l1xx_rcc.o
                0x0800180c                RCC_ClearFlag
 .text.RCC_GetITStatus
                0x08001828       0x38 ..\obj\stm32l1xx_rcc.o
                0x08001828                RCC_GetITStatus
 .text.RCC_ClearITPendingBit
                0x08001860       0x20 ..\obj\stm32l1xx_rcc.o
                0x08001860                RCC_ClearITPendingBit
 .text          0x08001880        0x0 ..\obj\system_stm32l1xx.o
 .text.SystemInit
                0x08001880       0x64 ..\obj\system_stm32l1xx.o
                0x08001880                SystemInit
 .text.SystemCoreClockUpdate
                0x080018e4      0x158 ..\obj\system_stm32l1xx.o
                0x080018e4                SystemCoreClockUpdate
 .text.SetSysClock
                0x08001a3c      0x120 ..\obj\system_stm32l1xx.o
 .text          0x08001b5c        0x0 ..\obj\main.o
 .text.NVIC_SetPriority
                0x08001b5c       0x54 ..\obj\main.o
 .text.SysTick_Config
                0x08001bb0       0x44 ..\obj\main.o
 .text.main     0x08001bf4       0x98 ..\obj\main.o
                0x08001bf4                main
 .text          0x08001c8c        0x0 ..\obj\assignValues.o
 .text.getNameOrNum
                0x08001c8c      0x1b0 ..\obj\assignValues.o
                0x08001c8c                getNameOrNum
 .text          0x08001e3c        0x0 ..\obj\createEditDeleteCallLogEndCall.o
 .text.create   0x08001e3c       0xf8 ..\obj\createEditDeleteCallLogEndCall.o
                0x08001e3c                create
 .text.DeleteContact
                0x08001f34       0x84 ..\obj\createEditDeleteCallLogEndCall.o
                0x08001f34                DeleteContact
 .text.editContact
                0x08001fb8      0x130 ..\obj\createEditDeleteCallLogEndCall.o
                0x08001fb8                editContact
 .text.makecall
                0x080020e8      0x168 ..\obj\createEditDeleteCallLogEndCall.o
                0x080020e8                makecall
 .text.endcall  0x08002250      0x104 ..\obj\createEditDeleteCallLogEndCall.o
                0x08002250                endcall
 .text          0x08002354        0x0 ..\obj\gpio.o
 .text.gpioInit
                0x08002354       0x44 ..\obj\gpio.o
                0x08002354                gpioInit
 .text.setLedBlink
                0x08002398       0x14 ..\obj\gpio.o
                0x08002398                setLedBlink
 .text.resetLedBlink
                0x080023ac       0x14 ..\obj\gpio.o
                0x080023ac                resetLedBlink
 .text          0x080023c0        0x0 ..\obj\display.o
 .text.displayContactList
                0x080023c0       0x84 ..\obj\display.o
                0x080023c0                displayContactList
 .text.commands
                0x08002444       0x98 ..\obj\display.o
                0x08002444                commands
 .text.displayCallLog
                0x080024dc       0xd4 ..\obj\display.o
                0x080024dc                displayCallLog
 .text.printingError
                0x080025b0       0xb4 ..\obj\display.o
                0x080025b0                printingError
 .text.printingSuccess
                0x08002664       0x84 ..\obj\display.o
                0x08002664                printingSuccess
 .text          0x080026e8        0x0 ..\obj\stm32l1xx_syscfg.o
 .text.SYSCFG_DeInit
                0x080026e8       0x18 ..\obj\stm32l1xx_syscfg.o
                0x080026e8                SYSCFG_DeInit
 .text.SYSCFG_RIDeInit
                0x08002700       0x3c ..\obj\stm32l1xx_syscfg.o
                0x08002700                SYSCFG_RIDeInit
 .text.SYSCFG_MemoryRemapConfig
                0x0800273c       0x20 ..\obj\stm32l1xx_syscfg.o
                0x0800273c                SYSCFG_MemoryRemapConfig
 .text.SYSCFG_GetBootMode
                0x0800275c       0x1c ..\obj\stm32l1xx_syscfg.o
                0x0800275c                SYSCFG_GetBootMode
 .text.SYSCFG_USBPuCmd
                0x08002778       0x38 ..\obj\stm32l1xx_syscfg.o
                0x08002778                SYSCFG_USBPuCmd
 .text.SYSCFG_EXTILineConfig
                0x080027b0       0x84 ..\obj\stm32l1xx_syscfg.o
                0x080027b0                SYSCFG_EXTILineConfig
 .text.SYSCFG_RITIMSelect
                0x08002834       0x38 ..\obj\stm32l1xx_syscfg.o
                0x08002834                SYSCFG_RITIMSelect
 .text.SYSCFG_RITIMInputCaptureConfig
                0x0800286c       0xa0 ..\obj\stm32l1xx_syscfg.o
                0x0800286c                SYSCFG_RITIMInputCaptureConfig
 .text.SYSCFG_RIResistorConfig
                0x0800290c       0x3c ..\obj\stm32l1xx_syscfg.o
                0x0800290c                SYSCFG_RIResistorConfig
 .text.SYSCFG_RIChannelSpeedConfig
                0x08002948       0x3c ..\obj\stm32l1xx_syscfg.o
                0x08002948                SYSCFG_RIChannelSpeedConfig
 .text.SYSCFG_RIIOSwitchConfig
                0x08002984       0x78 ..\obj\stm32l1xx_syscfg.o
                0x08002984                SYSCFG_RIIOSwitchConfig
 .text.SYSCFG_RISwitchControlModeCmd
                0x080029fc       0x38 ..\obj\stm32l1xx_syscfg.o
                0x080029fc                SYSCFG_RISwitchControlModeCmd
 .text.SYSCFG_RIHysteresisConfig
                0x08002a34      0x14c ..\obj\stm32l1xx_syscfg.o
                0x08002a34                SYSCFG_RIHysteresisConfig
 .text          0x08002b80        0x0 ..\obj\syscalls.o
 .text._sbrk    0x08002b80       0x40 ..\obj\syscalls.o
                0x08002b80                _sbrk
 .text.link     0x08002bc0       0x1c ..\obj\syscalls.o
                0x08002bc0                link
 .text._close   0x08002bdc       0x18 ..\obj\syscalls.o
                0x08002bdc                _close
 .text._fstat   0x08002bf4       0x20 ..\obj\syscalls.o
                0x08002bf4                _fstat
 .text._isatty  0x08002c14       0x18 ..\obj\syscalls.o
                0x08002c14                _isatty
 .text._lseek   0x08002c2c       0x1c ..\obj\syscalls.o
                0x08002c2c                _lseek
 .text._read    0x08002c48       0x1c ..\obj\syscalls.o
                0x08002c48                _read
 .text._write   0x08002c64       0x1c ..\obj\syscalls.o
                0x08002c64                _write
 .text.abort    0x08002c80        0x8 ..\obj\syscalls.o
                0x08002c80                abort
 .text          0x08002c88        0x0 ..\obj\compareFunction.o
 .text.cmpNameFxn
                0x08002c88       0x58 ..\obj\compareFunction.o
                0x08002c88                cmpNameFxn
 .text.cmpNumberFxn
                0x08002ce0       0x58 ..\obj\compareFunction.o
                0x08002ce0                cmpNumberFxn
 .text.checkNumber
                0x08002d38       0x60 ..\obj\compareFunction.o
                0x08002d38                checkNumber
 .text.checkName
                0x08002d98       0x68 ..\obj\compareFunction.o
                0x08002d98                checkName
 .text.numToChar
                0x08002e00       0xb4 ..\obj\compareFunction.o
                0x08002e00                numToChar
 .text.getTimeOfCall
                0x08002eb4       0xb8 ..\obj\compareFunction.o
                0x08002eb4                getTimeOfCall
 .text          0x08002f6c        0x0 ..\obj\stm32l1xx_usart.o
 .text.USART_DeInit
                0x08002f6c       0xb8 ..\obj\stm32l1xx_usart.o
                0x08002f6c                USART_DeInit
 .text.USART_Init
                0x08003024      0x16c ..\obj\stm32l1xx_usart.o
                0x08003024                USART_Init
 .text.USART_StructInit
                0x08003190       0x38 ..\obj\stm32l1xx_usart.o
                0x08003190                USART_StructInit
 .text.USART_ClockInit
                0x080031c8       0x54 ..\obj\stm32l1xx_usart.o
                0x080031c8                USART_ClockInit
 .text.USART_ClockStructInit
                0x0800321c       0x2c ..\obj\stm32l1xx_usart.o
                0x0800321c                USART_ClockStructInit
 .text.USART_Cmd
                0x08003248       0x40 ..\obj\stm32l1xx_usart.o
                0x08003248                USART_Cmd
 .text.USART_SetPrescaler
                0x08003288       0x38 ..\obj\stm32l1xx_usart.o
                0x08003288                USART_SetPrescaler
 .text.USART_OverSampling8Cmd
                0x080032c0       0x44 ..\obj\stm32l1xx_usart.o
                0x080032c0                USART_OverSampling8Cmd
 .text.USART_OneBitMethodCmd
                0x08003304       0x40 ..\obj\stm32l1xx_usart.o
                0x08003304                USART_OneBitMethodCmd
 .text.USART_SendData
                0x08003344       0x24 ..\obj\stm32l1xx_usart.o
                0x08003344                USART_SendData
 .text.USART_ReceiveData
                0x08003368       0x20 ..\obj\stm32l1xx_usart.o
                0x08003368                USART_ReceiveData
 .text.USART_SetAddress
                0x08003388       0x38 ..\obj\stm32l1xx_usart.o
                0x08003388                USART_SetAddress
 .text.USART_ReceiverWakeUpCmd
                0x080033c0       0x40 ..\obj\stm32l1xx_usart.o
                0x080033c0                USART_ReceiverWakeUpCmd
 .text.USART_WakeUpConfig
                0x08003400       0x38 ..\obj\stm32l1xx_usart.o
                0x08003400                USART_WakeUpConfig
 .text.USART_LINBreakDetectLengthConfig
                0x08003438       0x38 ..\obj\stm32l1xx_usart.o
                0x08003438                USART_LINBreakDetectLengthConfig
 .text.USART_LINCmd
                0x08003470       0x40 ..\obj\stm32l1xx_usart.o
                0x08003470                USART_LINCmd
 .text.USART_SendBreak
                0x080034b0       0x24 ..\obj\stm32l1xx_usart.o
                0x080034b0                USART_SendBreak
 .text.USART_HalfDuplexCmd
                0x080034d4       0x40 ..\obj\stm32l1xx_usart.o
                0x080034d4                USART_HalfDuplexCmd
 .text.USART_SetGuardTime
                0x08003514       0x3c ..\obj\stm32l1xx_usart.o
                0x08003514                USART_SetGuardTime
 .text.USART_SmartCardCmd
                0x08003550       0x40 ..\obj\stm32l1xx_usart.o
                0x08003550                USART_SmartCardCmd
 .text.USART_SmartCardNACKCmd
                0x08003590       0x40 ..\obj\stm32l1xx_usart.o
                0x08003590                USART_SmartCardNACKCmd
 .text.USART_IrDAConfig
                0x080035d0       0x38 ..\obj\stm32l1xx_usart.o
                0x080035d0                USART_IrDAConfig
 .text.USART_IrDACmd
                0x08003608       0x40 ..\obj\stm32l1xx_usart.o
                0x08003608                USART_IrDACmd
 .text.USART_DMACmd
                0x08003648       0x48 ..\obj\stm32l1xx_usart.o
                0x08003648                USART_DMACmd
 .text.USART_ITConfig
                0x08003690       0x90 ..\obj\stm32l1xx_usart.o
                0x08003690                USART_ITConfig
 .text.USART_GetFlagStatus
                0x08003720       0x38 ..\obj\stm32l1xx_usart.o
                0x08003720                USART_GetFlagStatus
 .text.USART_ClearFlag
                0x08003758       0x20 ..\obj\stm32l1xx_usart.o
                0x08003758                USART_ClearFlag
 .text.USART_GetITStatus
                0x08003778       0xb8 ..\obj\stm32l1xx_usart.o
                0x08003778                USART_GetITStatus
 .text.USART_ClearITPendingBit
                0x08003830       0x38 ..\obj\stm32l1xx_usart.o
                0x08003830                USART_ClearITPendingBit
 .text          0x08003868        0x0 ..\obj\queue.o
 .text.queueInit
                0x08003868       0x44 ..\obj\queue.o
                0x08003868                queueInit
 .text.isQueueFull
                0x080038ac       0x44 ..\obj\queue.o
                0x080038ac                isQueueFull
 .text.isQueueEmpty
                0x080038f0       0x28 ..\obj\queue.o
                0x080038f0                isQueueEmpty
 .text.enqQueue
                0x08003918       0x54 ..\obj\queue.o
                0x08003918                enqQueue
 .text.deqQueue
                0x0800396c       0x50 ..\obj\queue.o
                0x0800396c                deqQueue
 .text          0x080039bc        0x0 ..\obj\misc.o
 .text.NVIC_PriorityGroupConfig
                0x080039bc       0x24 ..\obj\misc.o
                0x080039bc                NVIC_PriorityGroupConfig
 .text.NVIC_Init
                0x080039e0       0xc0 ..\obj\misc.o
                0x080039e0                NVIC_Init
 .text.NVIC_SetVectorTable
                0x08003aa0       0x2c ..\obj\misc.o
                0x08003aa0                NVIC_SetVectorTable
 .text.NVIC_SystemLPConfig
                0x08003acc       0x40 ..\obj\misc.o
                0x08003acc                NVIC_SystemLPConfig
 .text.SysTick_CLKSourceConfig
                0x08003b0c       0x38 ..\obj\misc.o
                0x08003b0c                SysTick_CLKSourceConfig
 .text          0x08003b44        0x0 ..\obj\stm32l1xx_rtc.o
 .text.RTC_DeInit
                0x08003b44       0xf4 ..\obj\stm32l1xx_rtc.o
                0x08003b44                RTC_DeInit
 .text.RTC_Init
                0x08003c38       0x78 ..\obj\stm32l1xx_rtc.o
                0x08003c38                RTC_Init
 .text.RTC_StructInit
                0x08003cb0       0x24 ..\obj\stm32l1xx_rtc.o
                0x08003cb0                RTC_StructInit
 .text.RTC_WriteProtectionCmd
                0x08003cd4       0x34 ..\obj\stm32l1xx_rtc.o
                0x08003cd4                RTC_WriteProtectionCmd
 .text.RTC_EnterInitMode
                0x08003d08       0x74 ..\obj\stm32l1xx_rtc.o
                0x08003d08                RTC_EnterInitMode
 .text.RTC_ExitInitMode
                0x08003d7c       0x1c ..\obj\stm32l1xx_rtc.o
                0x08003d7c                RTC_ExitInitMode
 .text.RTC_WaitForSynchro
                0x08003d98       0x78 ..\obj\stm32l1xx_rtc.o
                0x08003d98                RTC_WaitForSynchro
 .text.RTC_RefClockCmd
                0x08003e10       0x68 ..\obj\stm32l1xx_rtc.o
                0x08003e10                RTC_RefClockCmd
 .text.RTC_BypassShadowCmd
                0x08003e78       0x4c ..\obj\stm32l1xx_rtc.o
                0x08003e78                RTC_BypassShadowCmd
 .text.RTC_SetTime
                0x08003ec4      0x114 ..\obj\stm32l1xx_rtc.o
                0x08003ec4                RTC_SetTime
 .text.RTC_TimeStructInit
                0x08003fd8       0x2c ..\obj\stm32l1xx_rtc.o
                0x08003fd8                RTC_TimeStructInit
 .text.RTC_GetTime
                0x08004004       0x9c ..\obj\stm32l1xx_rtc.o
                0x08004004                RTC_GetTime
 .text.RTC_GetSubSecond
                0x080040a0       0x28 ..\obj\stm32l1xx_rtc.o
                0x080040a0                RTC_GetSubSecond
 .text.RTC_SetDate
                0x080040c8      0x120 ..\obj\stm32l1xx_rtc.o
                0x080040c8                RTC_SetDate
 .text.RTC_DateStructInit
                0x080041e8       0x2c ..\obj\stm32l1xx_rtc.o
                0x080041e8                RTC_DateStructInit
 .text.RTC_GetDate
                0x08004214       0x9c ..\obj\stm32l1xx_rtc.o
                0x08004214                RTC_GetDate
 .text.RTC_SetAlarm
                0x080042b0      0x138 ..\obj\stm32l1xx_rtc.o
                0x080042b0                RTC_SetAlarm
 .text.RTC_AlarmStructInit
                0x080043e8       0x3c ..\obj\stm32l1xx_rtc.o
                0x080043e8                RTC_AlarmStructInit
 .text.RTC_GetAlarm
                0x08004424       0xd8 ..\obj\stm32l1xx_rtc.o
                0x08004424                RTC_GetAlarm
 .text.RTC_AlarmCmd
                0x080044fc       0x9c ..\obj\stm32l1xx_rtc.o
                0x080044fc                RTC_AlarmCmd
 .text.RTC_AlarmSubSecondConfig
                0x08004598       0x50 ..\obj\stm32l1xx_rtc.o
                0x08004598                RTC_AlarmSubSecondConfig
 .text.RTC_GetAlarmSubSecond
                0x080045e8       0x3c ..\obj\stm32l1xx_rtc.o
                0x080045e8                RTC_GetAlarmSubSecond
 .text.RTC_WakeUpClockConfig
                0x08004624       0x40 ..\obj\stm32l1xx_rtc.o
                0x08004624                RTC_WakeUpClockConfig
 .text.RTC_SetWakeUpCounter
                0x08004664       0x30 ..\obj\stm32l1xx_rtc.o
                0x08004664                RTC_SetWakeUpCounter
 .text.RTC_GetWakeUpCounter
                0x08004694       0x18 ..\obj\stm32l1xx_rtc.o
                0x08004694                RTC_GetWakeUpCounter
 .text.RTC_WakeUpCmd
                0x080046ac       0x94 ..\obj\stm32l1xx_rtc.o
                0x080046ac                RTC_WakeUpCmd
 .text.RTC_DayLightSavingConfig
                0x08004740       0x48 ..\obj\stm32l1xx_rtc.o
                0x08004740                RTC_DayLightSavingConfig
 .text.RTC_GetStoreOperation
                0x08004788       0x1c ..\obj\stm32l1xx_rtc.o
                0x08004788                RTC_GetStoreOperation
 .text.RTC_OutputConfig
                0x080047a4       0x48 ..\obj\stm32l1xx_rtc.o
                0x080047a4                RTC_OutputConfig
 .text.RTC_CoarseCalibConfig
                0x080047ec       0x50 ..\obj\stm32l1xx_rtc.o
                0x080047ec                RTC_CoarseCalibConfig
 .text.RTC_CoarseCalibCmd
                0x0800483c       0x68 ..\obj\stm32l1xx_rtc.o
                0x0800483c                RTC_CoarseCalibCmd
 .text.RTC_CalibOutputCmd
                0x080048a4       0x4c ..\obj\stm32l1xx_rtc.o
                0x080048a4                RTC_CalibOutputCmd
 .text.RTC_CalibOutputConfig
                0x080048f0       0x40 ..\obj\stm32l1xx_rtc.o
                0x080048f0                RTC_CalibOutputConfig
 .text.RTC_SmoothCalibConfig
                0x08004930       0x84 ..\obj\stm32l1xx_rtc.o
                0x08004930                RTC_SmoothCalibConfig
 .text.RTC_TimeStampCmd
                0x080049b4       0x60 ..\obj\stm32l1xx_rtc.o
                0x080049b4                RTC_TimeStampCmd
 .text.RTC_GetTimeStamp
                0x08004a14      0x114 ..\obj\stm32l1xx_rtc.o
                0x08004a14                RTC_GetTimeStamp
 .text.RTC_GetTimeStampSubSecond
                0x08004b28       0x18 ..\obj\stm32l1xx_rtc.o
                0x08004b28                RTC_GetTimeStampSubSecond
 .text.RTC_TamperTriggerConfig
                0x08004b40       0x40 ..\obj\stm32l1xx_rtc.o
                0x08004b40                RTC_TamperTriggerConfig
 .text.RTC_TamperCmd
                0x08004b80       0x3c ..\obj\stm32l1xx_rtc.o
                0x08004b80                RTC_TamperCmd
 .text.RTC_TamperFilterConfig
                0x08004bbc       0x30 ..\obj\stm32l1xx_rtc.o
                0x08004bbc                RTC_TamperFilterConfig
 .text.RTC_TamperSamplingFreqConfig
                0x08004bec       0x30 ..\obj\stm32l1xx_rtc.o
                0x08004bec                RTC_TamperSamplingFreqConfig
 .text.RTC_TamperPinsPrechargeDuration
                0x08004c1c       0x30 ..\obj\stm32l1xx_rtc.o
                0x08004c1c                RTC_TamperPinsPrechargeDuration
 .text.RTC_TimeStampOnTamperDetectionCmd
                0x08004c4c       0x38 ..\obj\stm32l1xx_rtc.o
                0x08004c4c                RTC_TimeStampOnTamperDetectionCmd
 .text.RTC_TamperPullUpCmd
                0x08004c84       0x38 ..\obj\stm32l1xx_rtc.o
                0x08004c84                RTC_TamperPullUpCmd
 .text.RTC_WriteBackupRegister
                0x08004cbc       0x34 ..\obj\stm32l1xx_rtc.o
                0x08004cbc                RTC_WriteBackupRegister
 .text.RTC_ReadBackupRegister
                0x08004cf0       0x30 ..\obj\stm32l1xx_rtc.o
                0x08004cf0                RTC_ReadBackupRegister
 .text.RTC_OutputTypeConfig
                0x08004d20       0x30 ..\obj\stm32l1xx_rtc.o
                0x08004d20                RTC_OutputTypeConfig
 .text.RTC_SynchroShiftConfig
                0x08004d50       0x9c ..\obj\stm32l1xx_rtc.o
                0x08004d50                RTC_SynchroShiftConfig
 .text.RTC_ITConfig
                0x08004dec       0x78 ..\obj\stm32l1xx_rtc.o
                0x08004dec                RTC_ITConfig
 .text.RTC_GetFlagStatus
                0x08004e64       0x44 ..\obj\stm32l1xx_rtc.o
                0x08004e64                RTC_GetFlagStatus
 .text.RTC_ClearFlag
                0x08004ea8       0x34 ..\obj\stm32l1xx_rtc.o
                0x08004ea8                RTC_ClearFlag
 .text.RTC_GetITStatus
                0x08004edc       0x70 ..\obj\stm32l1xx_rtc.o
                0x08004edc                RTC_GetITStatus
 .text.RTC_ClearITPendingBit
                0x08004f4c       0x38 ..\obj\stm32l1xx_rtc.o
                0x08004f4c                RTC_ClearITPendingBit
 .text.RTC_ByteToBcd2
                0x08004f84       0x3c ..\obj\stm32l1xx_rtc.o
 .text.RTC_Bcd2ToByte
                0x08004fc0       0x38 ..\obj\stm32l1xx_rtc.o
 .text          0x08004ff8        0x0 ..\..\..\..\genericFunction\genericFunction_Lib\Debug\bin\libgenericfunction_lib.a(main.o)
 .text.createList
                0x08004ff8       0x24 ..\..\..\..\genericFunction\genericFunction_Lib\Debug\bin\libgenericfunction_lib.a(main.o)
                0x08004ff8                createList
 .text.insert   0x0800501c       0x34 ..\..\..\..\genericFunction\genericFunction_Lib\Debug\bin\libgenericfunction_lib.a(main.o)
                0x0800501c                insert
 .text.sort     0x08005050       0x70 ..\..\..\..\genericFunction\genericFunction_Lib\Debug\bin\libgenericfunction_lib.a(main.o)
                0x08005050                sort
 .text.deletion
                0x080050c0       0x2c ..\..\..\..\genericFunction\genericFunction_Lib\Debug\bin\libgenericfunction_lib.a(main.o)
                0x080050c0                deletion
 .text.linearsearch
                0x080050ec       0x40 ..\..\..\..\genericFunction\genericFunction_Lib\Debug\bin\libgenericfunction_lib.a(main.o)
                0x080050ec                linearsearch
 .text          0x0800512c      0x370 c:/program files/arm gcc/bin/../lib/gcc/arm-none-eabi/4.9.3/armv7-m\libgcc.a(_arm_addsubdf3.o)
                0x0800512c                __aeabi_drsub
                0x08005134                __aeabi_dsub
                0x08005134                __subdf3
                0x08005138                __aeabi_dadd
                0x08005138                __adddf3
                0x080053b0                __floatunsidf
                0x080053b0                __aeabi_ui2d
                0x080053d0                __floatsidf
                0x080053d0                __aeabi_i2d
                0x080053f4                __aeabi_f2d
                0x080053f4                __extendsfdf2
                0x08005430                __floatundidf
                0x08005430                __aeabi_ul2d
                0x08005440                __floatdidf
                0x08005440                __aeabi_l2d
 .text          0x0800549c      0x424 c:/program files/arm gcc/bin/../lib/gcc/arm-none-eabi/4.9.3/armv7-m\libgcc.a(_arm_muldivdf3.o)
                0x0800549c                __aeabi_dmul
                0x0800549c                __muldf3
                0x080056f0                __divdf3
                0x080056f0                __aeabi_ddiv
 .text          0x080058c0       0xa0 c:/program files/arm gcc/bin/../lib/gcc/arm-none-eabi/4.9.3/armv7-m\libgcc.a(_arm_truncdfsf2.o)
                0x080058c0                __truncdfsf2
                0x080058c0                __aeabi_d2f
 .text          0x08005960       0x4c c:/program files/arm gcc/bin/../lib/gcc/arm-none-eabi/4.9.3/armv7-m\libgcc.a(_arm_fixsfsi.o)
                0x08005960                __aeabi_f2iz
                0x08005960                __fixsfsi
 .text          0x080059ac        0x0 c:/program files/arm gcc/bin/../lib/gcc/arm-none-eabi/4.9.3/../../../../arm-none-eabi/lib/armv7-m\libg.a(lib_a-malloc.o)
 .text.malloc   0x080059ac       0x10 c:/program files/arm gcc/bin/../lib/gcc/arm-none-eabi/4.9.3/../../../../arm-none-eabi/lib/armv7-m\libg.a(lib_a-malloc.o)
                0x080059ac                malloc
 .text.free     0x080059bc       0x10 c:/program files/arm gcc/bin/../lib/gcc/arm-none-eabi/4.9.3/../../../../arm-none-eabi/lib/armv7-m\libg.a(lib_a-malloc.o)
                0x080059bc                free
 .text          0x080059cc        0x0 c:/program files/arm gcc/bin/../lib/gcc/arm-none-eabi/4.9.3/../../../../arm-none-eabi/lib/armv7-m\libg.a(lib_a-mallocr.o)
 .text._malloc_r
                0x080059cc      0x504 c:/program files/arm gcc/bin/../lib/gcc/arm-none-eabi/4.9.3/../../../../arm-none-eabi/lib/armv7-m\libg.a(lib_a-mallocr.o)
                0x080059cc                _malloc_r
 .text          0x08005ed0        0x0 c:/program files/arm gcc/bin/../lib/gcc/arm-none-eabi/4.9.3/../../../../arm-none-eabi/lib/armv7-m\libg.a(lib_a-mlock.o)
 .text.__malloc_lock
                0x08005ed0        0x4 c:/program files/arm gcc/bin/../lib/gcc/arm-none-eabi/4.9.3/../../../../arm-none-eabi/lib/armv7-m\libg.a(lib_a-mlock.o)
                0x08005ed0                __malloc_lock
 .text.__malloc_unlock
                0x08005ed4        0x4 c:/program files/arm gcc/bin/../lib/gcc/arm-none-eabi/4.9.3/../../../../arm-none-eabi/lib/armv7-m\libg.a(lib_a-mlock.o)
                0x08005ed4                __malloc_unlock
 .text          0x08005ed8        0x0 c:/program files/arm gcc/bin/../lib/gcc/arm-none-eabi/4.9.3/../../../../arm-none-eabi/lib/armv7-m\libg.a(lib_a-sbrkr.o)
 .text._sbrk_r  0x08005ed8       0x24 c:/program files/arm gcc/bin/../lib/gcc/arm-none-eabi/4.9.3/../../../../arm-none-eabi/lib/armv7-m\libg.a(lib_a-sbrkr.o)
                0x08005ed8                _sbrk_r
 .text          0x08005efc      0x1bc c:/program files/arm gcc/bin/../lib/gcc/arm-none-eabi/4.9.3/../../../../arm-none-eabi/lib/armv7-m\libg.a(lib_a-strcmp.o)
                0x08005efc                strcmp
 .text          0x080060b8        0x0 c:/program files/arm gcc/bin/../lib/gcc/arm-none-eabi/4.9.3/../../../../arm-none-eabi/lib/armv7-m\libg.a(lib_a-strcpy.o)
 .text.strcpy   0x080060b8       0xbc c:/program files/arm gcc/bin/../lib/gcc/arm-none-eabi/4.9.3/../../../../arm-none-eabi/lib/armv7-m\libg.a(lib_a-strcpy.o)
                0x080060b8                strcpy
 .text          0x08006174        0x0 c:/program files/arm gcc/bin/../lib/gcc/arm-none-eabi/4.9.3/../../../../arm-none-eabi/lib/armv7-m\libg.a(lib_a-strlen.o)
 .text.strlen   0x08006174       0x5c c:/program files/arm gcc/bin/../lib/gcc/arm-none-eabi/4.9.3/../../../../arm-none-eabi/lib/armv7-m\libg.a(lib_a-strlen.o)
                0x08006174                strlen
 .text          0x080061d0        0x0 c:/program files/arm gcc/bin/../lib/gcc/arm-none-eabi/4.9.3/../../../../arm-none-eabi/lib/armv7-m\libg.a(lib_a-strtok.o)
 .text.strtok   0x080061d0       0x10 c:/program files/arm gcc/bin/../lib/gcc/arm-none-eabi/4.9.3/../../../../arm-none-eabi/lib/armv7-m\libg.a(lib_a-strtok.o)
                0x080061d0                strtok
 .text          0x080061e0        0x0 c:/program files/arm gcc/bin/../lib/gcc/arm-none-eabi/4.9.3/../../../../arm-none-eabi/lib/armv7-m\libg.a(lib_a-strtok_r.o)
 .text.__strtok_r
                0x080061e0       0x64 c:/program files/arm gcc/bin/../lib/gcc/arm-none-eabi/4.9.3/../../../../arm-none-eabi/lib/armv7-m\libg.a(lib_a-strtok_r.o)
                0x080061e0                __strtok_r
 .text.strtok_r
                0x08006244        0x8 c:/program files/arm gcc/bin/../lib/gcc/arm-none-eabi/4.9.3/../../../../arm-none-eabi/lib/armv7-m\libg.a(lib_a-strtok_r.o)
                0x08006244                strtok_r
 .text          0x0800624c        0x0 c:/program files/arm gcc/bin/../lib/gcc/arm-none-eabi/4.9.3/../../../../arm-none-eabi/lib/armv7-m\libg.a(lib_a-freer.o)
 .text._malloc_trim_r
                0x0800624c       0x9c c:/program files/arm gcc/bin/../lib/gcc/arm-none-eabi/4.9.3/../../../../arm-none-eabi/lib/armv7-m\libg.a(lib_a-freer.o)
                0x0800624c                _malloc_trim_r
 .text._free_r  0x080062e8      0x1b0 c:/program files/arm gcc/bin/../lib/gcc/arm-none-eabi/4.9.3/../../../../arm-none-eabi/lib/armv7-m\libg.a(lib_a-freer.o)
                0x080062e8                _free_r
 .text          0x08006498        0x0 c:/program files/arm gcc/bin/../lib/gcc/arm-none-eabi/4.9.3/../../../../arm-none-eabi/lib/armv7-m\libg.a(lib_a-impure.o)
 .text          0x08006498        0x0 c:/program files/arm gcc/bin/../lib/gcc/arm-none-eabi/4.9.3/../../../../arm-none-eabi/lib/armv7-m\libg.a(lib_a-reent.o)
 .text.cleanup_glue
                0x08006498       0x1c c:/program files/arm gcc/bin/../lib/gcc/arm-none-eabi/4.9.3/../../../../arm-none-eabi/lib/armv7-m\libg.a(lib_a-reent.o)
                0x08006498                cleanup_glue
 .text._reclaim_reent
                0x080064b4       0x88 c:/program files/arm gcc/bin/../lib/gcc/arm-none-eabi/4.9.3/../../../../arm-none-eabi/lib/armv7-m\libg.a(lib_a-reent.o)
                0x080064b4                _reclaim_reent
 *(.init)
 *(.fini)
 *crtbegin.o(.ctors)
 *crtbegin?.o(.ctors)
 *(EXCLUDE_FILE(*crtend.o *crtend?.o) .ctors)
 *(SORT(.ctors.*))
 *(.ctors)
 *crtbegin.o(.dtors)
 *crtbegin?.o(.dtors)
 *(EXCLUDE_FILE(*crtend.o *crtend?.o) .dtors)
 *(SORT(.dtors.*))
 *(.dtors)
 *(.rodata*)
 .rodata        0x0800653c        0x8 ..\obj\cpuLoad.o
 .rodata        0x08006544        0xc ..\obj\parcing.o
 .rodata        0x08006550       0x30 ..\obj\main.o
 .rodata        0x08006580        0xc ..\obj\assignValues.o
 .rodata        0x0800658c       0x44 ..\obj\createEditDeleteCallLogEndCall.o
 .rodata        0x080065d0      0x47c ..\obj\display.o
 .rodata.str1.4
                0x08006a4c        0x4 c:/program files/arm gcc/bin/../lib/gcc/arm-none-eabi/4.9.3/../../../../arm-none-eabi/lib/armv7-m\libg.a(lib_a-impure.o)
 .rodata._global_impure_ptr
                0x08006a50        0x4 c:/program files/arm gcc/bin/../lib/gcc/arm-none-eabi/4.9.3/../../../../arm-none-eabi/lib/armv7-m\libg.a(lib_a-impure.o)
                0x08006a50                _global_impure_ptr
 *(.eh_fram e*)

.glue_7         0x08006a54        0x0
 .glue_7        0x00000000        0x0 linker stubs

.glue_7t        0x08006a54        0x0
 .glue_7t       0x00000000        0x0 linker stubs

.vfp11_veneer   0x08006a54        0x0
 .vfp11_veneer  0x00000000        0x0 linker stubs

.v4_bx          0x08006a54        0x0
 .v4_bx         0x00000000        0x0 linker stubs

.iplt           0x08006a54        0x0
 .iplt          0x00000000        0x0 ..\obj\rtcInit.o

.idle           0x08006a54       0x38
                0x08006a54                . = ALIGN (0x4)
                0x08006a54                __idle_start__ = .
                0x08006a54                _idle = __idle_start__
 *(.idle)
 .idle          0x08006a54       0x38 ..\obj\main.o
                0x08006a54                mainLoop
                0x08006a8c                . = ALIGN (0x4)
                0x08006a8c                __idle_end__ = .
                0x08006a8c                _eidle = __idle_end__

.eh_frame       0x08006a8c       0x38
 .eh_frame      0x08006a8c       0x38 c:/program files/arm gcc/bin/../lib/gcc/arm-none-eabi/4.9.3/../../../../arm-none-eabi/lib/armv7-m\libg.a(lib_a-strcmp.o)

.rel.dyn        0x08006ac4        0x0
 .rel.iplt      0x00000000        0x0 ..\obj\rtcInit.o

.ARM.extab
 *(.ARM.extab* .gnu.linkonce.armextab.*)
                0x08006ac4                __exidx_start = .

.ARM.exidx
 *(.ARM.exidx* .gnu.linkonce.armexidx.*)
                0x08006ac4                __exidx_end = .
                0x08006ac4                __etext = .
                0x08006ac4                _sidata = __etext

.data           0x20000000      0x8cc load address 0x08006ac4
                0x20000000                __data_start__ = .
                0x20000000                _sdata = __data_start__
 *(vtable)
 *(.data*)
 .data          0x20000000        0x0 ..\obj\rtcInit.o
 .data          0x20000000        0x0 ..\obj\stm32l1xx_gpio.o
 .data          0x20000000        0x0 ..\obj\stm32l1xx_pwr.o
 .data          0x20000000        0x0 ..\obj\uartInit.o
 .data          0x20000000        0x0 ..\obj\startup_stm32l1xx_md.o
 .data          0x20000000        0x0 ..\obj\cpuLoad.o
 .data          0x20000000       0x28 ..\obj\parcing.o
                0x20000000                ptrFxn
 .data          0x20000028       0x1c ..\obj\stm32l1xx_rcc.o
 .data          0x20000044       0x20 ..\obj\system_stm32l1xx.o
                0x20000044                SystemCoreClock
                0x20000048                PLLMulTable
                0x20000054                AHBPrescTable
 .data          0x20000064       0x28 ..\obj\main.o
                0x20000064                previousCommand
                0x20000068                array
 .data          0x2000008c        0x0 ..\obj\assignValues.o
 .data          0x2000008c        0x0 ..\obj\createEditDeleteCallLogEndCall.o
 .data          0x2000008c        0x0 ..\obj\gpio.o
 .data          0x2000008c        0x0 ..\obj\display.o
 .data          0x2000008c        0x0 ..\obj\stm32l1xx_syscfg.o
 .data          0x2000008c        0x0 ..\obj\syscalls.o
 .data          0x2000008c        0x0 ..\obj\compareFunction.o
 .data          0x2000008c        0x0 ..\obj\stm32l1xx_usart.o
 .data          0x2000008c        0x0 ..\obj\queue.o
 .data          0x2000008c        0x0 ..\obj\misc.o
 .data          0x2000008c        0x0 ..\obj\stm32l1xx_rtc.o
 .data          0x2000008c        0x0 ..\..\..\..\genericFunction\genericFunction_Lib\Debug\bin\libgenericfunction_lib.a(main.o)
 .data          0x2000008c        0x0 c:/program files/arm gcc/bin/../lib/gcc/arm-none-eabi/4.9.3/armv7-m\libgcc.a(_arm_addsubdf3.o)
 .data          0x2000008c        0x0 c:/program files/arm gcc/bin/../lib/gcc/arm-none-eabi/4.9.3/armv7-m\libgcc.a(_arm_muldivdf3.o)
 .data          0x2000008c        0x0 c:/program files/arm gcc/bin/../lib/gcc/arm-none-eabi/4.9.3/armv7-m\libgcc.a(_arm_truncdfsf2.o)
 .data          0x2000008c        0x0 c:/program files/arm gcc/bin/../lib/gcc/arm-none-eabi/4.9.3/armv7-m\libgcc.a(_arm_fixsfsi.o)
 .data          0x2000008c        0x0 c:/program files/arm gcc/bin/../lib/gcc/arm-none-eabi/4.9.3/../../../../arm-none-eabi/lib/armv7-m\libg.a(lib_a-malloc.o)
 .data          0x2000008c        0x0 c:/program files/arm gcc/bin/../lib/gcc/arm-none-eabi/4.9.3/../../../../arm-none-eabi/lib/armv7-m\libg.a(lib_a-mallocr.o)
 .data.__malloc_av_
                0x2000008c      0x408 c:/program files/arm gcc/bin/../lib/gcc/arm-none-eabi/4.9.3/../../../../arm-none-eabi/lib/armv7-m\libg.a(lib_a-mallocr.o)
                0x2000008c                __malloc_av_
 .data.__malloc_trim_threshold
                0x20000494        0x4 c:/program files/arm gcc/bin/../lib/gcc/arm-none-eabi/4.9.3/../../../../arm-none-eabi/lib/armv7-m\libg.a(lib_a-mallocr.o)
                0x20000494                __malloc_trim_threshold
 .data.__malloc_sbrk_base
                0x20000498        0x4 c:/program files/arm gcc/bin/../lib/gcc/arm-none-eabi/4.9.3/../../../../arm-none-eabi/lib/armv7-m\libg.a(lib_a-mallocr.o)
                0x20000498                __malloc_sbrk_base
 .data          0x2000049c        0x0 c:/program files/arm gcc/bin/../lib/gcc/arm-none-eabi/4.9.3/../../../../arm-none-eabi/lib/armv7-m\libg.a(lib_a-mlock.o)
 .data          0x2000049c        0x0 c:/program files/arm gcc/bin/../lib/gcc/arm-none-eabi/4.9.3/../../../../arm-none-eabi/lib/armv7-m\libg.a(lib_a-sbrkr.o)
 .data          0x2000049c        0x0 c:/program files/arm gcc/bin/../lib/gcc/arm-none-eabi/4.9.3/../../../../arm-none-eabi/lib/armv7-m\libg.a(lib_a-strcmp.o)
 .data          0x2000049c        0x0 c:/program files/arm gcc/bin/../lib/gcc/arm-none-eabi/4.9.3/../../../../arm-none-eabi/lib/armv7-m\libg.a(lib_a-strcpy.o)
 .data          0x2000049c        0x0 c:/program files/arm gcc/bin/../lib/gcc/arm-none-eabi/4.9.3/../../../../arm-none-eabi/lib/armv7-m\libg.a(lib_a-strlen.o)
 .data          0x2000049c        0x0 c:/program files/arm gcc/bin/../lib/gcc/arm-none-eabi/4.9.3/../../../../arm-none-eabi/lib/armv7-m\libg.a(lib_a-strtok.o)
 .data          0x2000049c        0x0 c:/program files/arm gcc/bin/../lib/gcc/arm-none-eabi/4.9.3/../../../../arm-none-eabi/lib/armv7-m\libg.a(lib_a-strtok_r.o)
 .data          0x2000049c        0x0 c:/program files/arm gcc/bin/../lib/gcc/arm-none-eabi/4.9.3/../../../../arm-none-eabi/lib/armv7-m\libg.a(lib_a-freer.o)
 .data          0x2000049c        0x0 c:/program files/arm gcc/bin/../lib/gcc/arm-none-eabi/4.9.3/../../../../arm-none-eabi/lib/armv7-m\libg.a(lib_a-impure.o)
 *fill*         0x2000049c        0x4 
 .data.impure_data
                0x200004a0      0x428 c:/program files/arm gcc/bin/../lib/gcc/arm-none-eabi/4.9.3/../../../../arm-none-eabi/lib/armv7-m\libg.a(lib_a-impure.o)
 .data._impure_ptr
                0x200008c8        0x4 c:/program files/arm gcc/bin/../lib/gcc/arm-none-eabi/4.9.3/../../../../arm-none-eabi/lib/armv7-m\libg.a(lib_a-impure.o)
                0x200008c8                _impure_ptr
 .data          0x200008cc        0x0 c:/program files/arm gcc/bin/../lib/gcc/arm-none-eabi/4.9.3/../../../../arm-none-eabi/lib/armv7-m\libg.a(lib_a-reent.o)
                0x200008cc                . = ALIGN (0x4)
                0x200008cc                PROVIDE (__preinit_array_start, .)
 *(.preinit_array)
                0x200008cc                PROVIDE (__preinit_array_end, .)
                0x200008cc                . = ALIGN (0x4)
                0x200008cc                PROVIDE (__init_array_start, .)
 *(SORT(.init_array.*))
 *(.init_array)
                0x200008cc                PROVIDE (__init_array_end, .)
                0x200008cc                . = ALIGN (0x4)
                0x200008cc                PROVIDE (__fini_array_start, .)
 *(SORT(.fini_array.*))
 *(.fini_array)
                0x200008cc                PROVIDE (__fini_array_end, .)
 *(.jcr*)
                0x200008cc                . = ALIGN (0x4)
                0x200008cc                __data_end__ = .
                0x200008cc                _edata = __data_end__

.igot.plt       0x200008cc        0x0 load address 0x08007390
 .igot.plt      0x00000000        0x0 ..\obj\rtcInit.o

.bss            0x200008cc      0x210 load address 0x08007390
                0x200008cc                . = ALIGN (0x4)
                0x200008cc                __bss_start__ = .
                0x200008cc                _sbss = __bss_start__
 *(.bss*)
 .bss           0x200008cc        0x0 ..\obj\rtcInit.o
 .bss           0x200008cc        0x0 ..\obj\stm32l1xx_gpio.o
 .bss           0x200008cc        0x0 ..\obj\stm32l1xx_pwr.o
 .bss           0x200008cc        0x4 ..\obj\uartInit.o
                0x200008cc                countU
 .bss           0x200008d0        0x0 ..\obj\startup_stm32l1xx_md.o
 .bss           0x200008d0        0x8 ..\obj\cpuLoad.o
                0x200008d0                idle
                0x200008d4                mSecCount
 .bss           0x200008d8        0x0 ..\obj\parcing.o
 .bss           0x200008d8        0x0 ..\obj\stm32l1xx_rcc.o
 .bss           0x200008d8        0x0 ..\obj\system_stm32l1xx.o
 .bss           0x200008d8       0x14 ..\obj\main.o
                0x200008d8                checkContactOrLog
                0x200008dc                uartDataAvailable
                0x200008e0                countContact
                0x200008e4                sleepControl
                0x200008e8                countCallLog
 .bss           0x200008ec        0x0 ..\obj\assignValues.o
 .bss           0x200008ec        0x0 ..\obj\createEditDeleteCallLogEndCall.o
 .bss           0x200008ec        0x0 ..\obj\gpio.o
 .bss           0x200008ec        0x0 ..\obj\display.o
 .bss           0x200008ec        0x0 ..\obj\stm32l1xx_syscfg.o
 .bss           0x200008ec        0x4 ..\obj\syscalls.o
 .bss           0x200008f0        0x0 ..\obj\compareFunction.o
 .bss           0x200008f0        0x0 ..\obj\stm32l1xx_usart.o
 .bss           0x200008f0        0x0 ..\obj\queue.o
 .bss           0x200008f0        0x0 ..\obj\misc.o
 .bss           0x200008f0        0x0 ..\obj\stm32l1xx_rtc.o
 .bss           0x200008f0        0x0 ..\..\..\..\genericFunction\genericFunction_Lib\Debug\bin\libgenericfunction_lib.a(main.o)
 .bss           0x200008f0        0x0 c:/program files/arm gcc/bin/../lib/gcc/arm-none-eabi/4.9.3/armv7-m\libgcc.a(_arm_addsubdf3.o)
 .bss           0x200008f0        0x0 c:/program files/arm gcc/bin/../lib/gcc/arm-none-eabi/4.9.3/armv7-m\libgcc.a(_arm_muldivdf3.o)
 .bss           0x200008f0        0x0 c:/program files/arm gcc/bin/../lib/gcc/arm-none-eabi/4.9.3/armv7-m\libgcc.a(_arm_truncdfsf2.o)
 .bss           0x200008f0        0x0 c:/program files/arm gcc/bin/../lib/gcc/arm-none-eabi/4.9.3/armv7-m\libgcc.a(_arm_fixsfsi.o)
 .bss           0x200008f0        0x0 c:/program files/arm gcc/bin/../lib/gcc/arm-none-eabi/4.9.3/../../../../arm-none-eabi/lib/armv7-m\libg.a(lib_a-malloc.o)
 .bss           0x200008f0        0x0 c:/program files/arm gcc/bin/../lib/gcc/arm-none-eabi/4.9.3/../../../../arm-none-eabi/lib/armv7-m\libg.a(lib_a-mallocr.o)
 .bss.__malloc_max_total_mem
                0x200008f0        0x4 c:/program files/arm gcc/bin/../lib/gcc/arm-none-eabi/4.9.3/../../../../arm-none-eabi/lib/armv7-m\libg.a(lib_a-mallocr.o)
                0x200008f0                __malloc_max_total_mem
 .bss.__malloc_max_sbrked_mem
                0x200008f4        0x4 c:/program files/arm gcc/bin/../lib/gcc/arm-none-eabi/4.9.3/../../../../arm-none-eabi/lib/armv7-m\libg.a(lib_a-mallocr.o)
                0x200008f4                __malloc_max_sbrked_mem
 .bss.__malloc_top_pad
                0x200008f8        0x4 c:/program files/arm gcc/bin/../lib/gcc/arm-none-eabi/4.9.3/../../../../arm-none-eabi/lib/armv7-m\libg.a(lib_a-mallocr.o)
                0x200008f8                __malloc_top_pad
 .bss.__malloc_current_mallinfo
                0x200008fc       0x28 c:/program files/arm gcc/bin/../lib/gcc/arm-none-eabi/4.9.3/../../../../arm-none-eabi/lib/armv7-m\libg.a(lib_a-mallocr.o)
                0x200008fc                __malloc_current_mallinfo
 .bss           0x20000924        0x0 c:/program files/arm gcc/bin/../lib/gcc/arm-none-eabi/4.9.3/../../../../arm-none-eabi/lib/armv7-m\libg.a(lib_a-mlock.o)
 .bss           0x20000924        0x0 c:/program files/arm gcc/bin/../lib/gcc/arm-none-eabi/4.9.3/../../../../arm-none-eabi/lib/armv7-m\libg.a(lib_a-sbrkr.o)
 .bss           0x20000924        0x0 c:/program files/arm gcc/bin/../lib/gcc/arm-none-eabi/4.9.3/../../../../arm-none-eabi/lib/armv7-m\libg.a(lib_a-strcmp.o)
 .bss           0x20000924        0x0 c:/program files/arm gcc/bin/../lib/gcc/arm-none-eabi/4.9.3/../../../../arm-none-eabi/lib/armv7-m\libg.a(lib_a-strcpy.o)
 .bss           0x20000924        0x0 c:/program files/arm gcc/bin/../lib/gcc/arm-none-eabi/4.9.3/../../../../arm-none-eabi/lib/armv7-m\libg.a(lib_a-strlen.o)
 .bss           0x20000924        0x0 c:/program files/arm gcc/bin/../lib/gcc/arm-none-eabi/4.9.3/../../../../arm-none-eabi/lib/armv7-m\libg.a(lib_a-strtok.o)
 .bss           0x20000924        0x0 c:/program files/arm gcc/bin/../lib/gcc/arm-none-eabi/4.9.3/../../../../arm-none-eabi/lib/armv7-m\libg.a(lib_a-strtok_r.o)
 .bss           0x20000924        0x0 c:/program files/arm gcc/bin/../lib/gcc/arm-none-eabi/4.9.3/../../../../arm-none-eabi/lib/armv7-m\libg.a(lib_a-freer.o)
 .bss           0x20000924        0x0 c:/program files/arm gcc/bin/../lib/gcc/arm-none-eabi/4.9.3/../../../../arm-none-eabi/lib/armv7-m\libg.a(lib_a-impure.o)
 .bss           0x20000924        0x0 c:/program files/arm gcc/bin/../lib/gcc/arm-none-eabi/4.9.3/../../../../arm-none-eabi/lib/armv7-m\libg.a(lib_a-reent.o)
 *(COMMON)
 COMMON         0x20000924       0x8c ..\obj\rtcInit.o
                0x20000924                funRetValue
                0x20000928                tempAssignValueContact
                0x20000948                myQueue
                0x20000978                headContact
                0x2000097c                headCallLog
                0x20000980                preNodeLog
 COMMON         0x200009b0       0xea ..\obj\cpuLoad.o
                0x200009b0                cpuLoadBuffer
 *fill*         0x20000a9a        0x2 
 COMMON         0x20000a9c       0x3c ..\obj\main.o
                0x20000a9c                RTC_TimeStruct
                0x20000aa0                gUartRxDataBuffer
                0x20000ac8                duration
                0x20000ad0                loopRange
 COMMON         0x20000ad8        0x4 c:/program files/arm gcc/bin/../lib/gcc/arm-none-eabi/4.9.3/../../../../arm-none-eabi/lib/armv7-m\libg.a(lib_a-reent.o)
                0x20000ad8                errno
                0x20000adc                . = ALIGN (0x4)
                0x20000adc                __bss_end__ = .
                0x20000adc                _ebss = __bss_end__

.heap           0x20000adc        0x0
                0x20000adc                __end__ = .
                0x20000adc                _end = __end__
                0x20000adc                end = __end__
 *(.heap*)
                0x20000adc                __HeapLimit = .

.co_stack       0x20000adc      0x404 load address 0x080075a0
                0x20000ae0                . = ALIGN (0x8)
 *fill*         0x20000adc        0x4 
 *(.co_stack .co_stack.*)
 .co_stack      0x20000ae0      0x400 ..\obj\startup_stm32l1xx_md.o
                0x20000ae0                pulStack
                0x20004000                __StackTop = (ORIGIN (ram) + 0x4000)
                0x20003bfc                __StackLimit = (__StackTop - SIZEOF (.co_stack))
                0x20004000                PROVIDE (__stack, __StackTop)
                0x00000001                ASSERT ((__StackLimit >= __HeapLimit), region ram  overflowed with stack)
LOAD ..\obj\rtcInit.o
LOAD ..\obj\stm32l1xx_gpio.o
LOAD ..\obj\stm32l1xx_pwr.o
LOAD ..\obj\uartInit.o
LOAD ..\obj\startup_stm32l1xx_md.o
LOAD ..\obj\cpuLoad.o
LOAD ..\obj\parcing.o
LOAD ..\obj\stm32l1xx_rcc.o
LOAD ..\obj\system_stm32l1xx.o
LOAD ..\obj\main.o
LOAD ..\obj\assignValues.o
LOAD ..\obj\createEditDeleteCallLogEndCall.o
LOAD ..\obj\gpio.o
LOAD ..\obj\display.o
LOAD ..\obj\stm32l1xx_syscfg.o
LOAD ..\obj\syscalls.o
LOAD ..\obj\compareFunction.o
LOAD ..\obj\stm32l1xx_usart.o
LOAD ..\obj\queue.o
LOAD ..\obj\misc.o
LOAD ..\obj\stm32l1xx_rtc.o
LOAD ..\..\..\..\genericFunction\genericFunction_Lib\Debug\bin\libgenericfunction_lib.a
START GROUP
LOAD c:/program files/arm gcc/bin/../lib/gcc/arm-none-eabi/4.9.3/armv7-m\libgcc.a
LOAD c:/program files/arm gcc/bin/../lib/gcc/arm-none-eabi/4.9.3/../../../../arm-none-eabi/lib/armv7-m\libg.a
LOAD c:/program files/arm gcc/bin/../lib/gcc/arm-none-eabi/4.9.3/../../../../arm-none-eabi/lib/armv7-m\libc.a
END GROUP
OUTPUT(FinalCallLog.elf elf32-littlearm)

.debug_info     0x00000000     0x7e0c
 .debug_info    0x00000000      0x5d5 ..\obj\rtcInit.o
 .debug_info    0x000005d5      0x643 ..\obj\stm32l1xx_gpio.o
 .debug_info    0x00000c18      0x5b1 ..\obj\stm32l1xx_pwr.o
 .debug_info    0x000011c9      0x85c ..\obj\uartInit.o
 .debug_info    0x00001a25       0xff ..\obj\startup_stm32l1xx_md.o
 .debug_info    0x00001b24      0x44b ..\obj\cpuLoad.o
 .debug_info    0x00001f6f      0x36b ..\obj\parcing.o
 .debug_info    0x000022da      0xa0f ..\obj\stm32l1xx_rcc.o
 .debug_info    0x00002ce9      0x546 ..\obj\system_stm32l1xx.o
 .debug_info    0x0000322f      0x8ea ..\obj\main.o
 .debug_info    0x00003b19      0x308 ..\obj\assignValues.o
 .debug_info    0x00003e21      0x464 ..\obj\createEditDeleteCallLogEndCall.o
 .debug_info    0x00004285      0x4dc ..\obj\gpio.o
 .debug_info    0x00004761      0x3aa ..\obj\display.o
 .debug_info    0x00004b0b      0x432 ..\obj\stm32l1xx_syscfg.o
 .debug_info    0x00004f3d      0x3ee ..\obj\syscalls.o
 .debug_info    0x0000532b      0x525 ..\obj\compareFunction.o
 .debug_info    0x00005850      0x9c2 ..\obj\stm32l1xx_usart.o
 .debug_info    0x00006212      0x352 ..\obj\queue.o
 .debug_info    0x00006564      0x53d ..\obj\misc.o
 .debug_info    0x00006aa1     0x112f ..\obj\stm32l1xx_rtc.o
 .debug_info    0x00007bd0      0x23c ..\..\..\..\genericFunction\genericFunction_Lib\Debug\bin\libgenericfunction_lib.a(main.o)

.debug_abbrev   0x00000000     0x1c89
 .debug_abbrev  0x00000000      0x13e ..\obj\rtcInit.o
 .debug_abbrev  0x0000013e      0x1a3 ..\obj\stm32l1xx_gpio.o
 .debug_abbrev  0x000002e1      0x19d ..\obj\stm32l1xx_pwr.o
 .debug_abbrev  0x0000047e      0x190 ..\obj\uartInit.o
 .debug_abbrev  0x0000060e       0xa7 ..\obj\startup_stm32l1xx_md.o
 .debug_abbrev  0x000006b5      0x164 ..\obj\cpuLoad.o
 .debug_abbrev  0x00000819      0x126 ..\obj\parcing.o
 .debug_abbrev  0x0000093f      0x1e3 ..\obj\stm32l1xx_rcc.o
 .debug_abbrev  0x00000b22      0x145 ..\obj\system_stm32l1xx.o
 .debug_abbrev  0x00000c67      0x1c9 ..\obj\main.o
 .debug_abbrev  0x00000e30      0x101 ..\obj\assignValues.o
 .debug_abbrev  0x00000f31      0x101 ..\obj\createEditDeleteCallLogEndCall.o
 .debug_abbrev  0x00001032      0x152 ..\obj\gpio.o
 .debug_abbrev  0x00001184      0x10a ..\obj\display.o
 .debug_abbrev  0x0000128e      0x176 ..\obj\stm32l1xx_syscfg.o
 .debug_abbrev  0x00001404       0xe2 ..\obj\syscalls.o
 .debug_abbrev  0x000014e6      0x178 ..\obj\compareFunction.o
 .debug_abbrev  0x0000165e      0x155 ..\obj\stm32l1xx_usart.o
 .debug_abbrev  0x000017b3      0x10e ..\obj\queue.o
 .debug_abbrev  0x000018c1      0x145 ..\obj\misc.o
 .debug_abbrev  0x00001a06      0x1ae ..\obj\stm32l1xx_rtc.o
 .debug_abbrev  0x00001bb4       0xd5 ..\..\..\..\genericFunction\genericFunction_Lib\Debug\bin\libgenericfunction_lib.a(main.o)

.debug_aranges  0x00000000      0x930
 .debug_aranges
                0x00000000       0x28 ..\obj\rtcInit.o
 .debug_aranges
                0x00000028       0x88 ..\obj\stm32l1xx_gpio.o
 .debug_aranges
                0x000000b0       0x88 ..\obj\stm32l1xx_pwr.o
 .debug_aranges
                0x00000138       0x38 ..\obj\uartInit.o
 .debug_aranges
                0x00000170       0x28 ..\obj\startup_stm32l1xx_md.o
 .debug_aranges
                0x00000198       0x40 ..\obj\cpuLoad.o
 .debug_aranges
                0x000001d8       0x20 ..\obj\parcing.o
 .debug_aranges
                0x000001f8      0x148 ..\obj\stm32l1xx_rcc.o
 .debug_aranges
                0x00000340       0x30 ..\obj\system_stm32l1xx.o
 .debug_aranges
                0x00000370       0x38 ..\obj\main.o
 .debug_aranges
                0x000003a8       0x20 ..\obj\assignValues.o
 .debug_aranges
                0x000003c8       0x40 ..\obj\createEditDeleteCallLogEndCall.o
 .debug_aranges
                0x00000408       0x30 ..\obj\gpio.o
 .debug_aranges
                0x00000438       0x40 ..\obj\display.o
 .debug_aranges
                0x00000478       0x80 ..\obj\stm32l1xx_syscfg.o
 .debug_aranges
                0x000004f8       0x60 ..\obj\syscalls.o
 .debug_aranges
                0x00000558       0x48 ..\obj\compareFunction.o
 .debug_aranges
                0x000005a0      0x100 ..\obj\stm32l1xx_usart.o
 .debug_aranges
                0x000006a0       0x40 ..\obj\queue.o
 .debug_aranges
                0x000006e0       0x40 ..\obj\misc.o
 .debug_aranges
                0x00000720      0x1d0 ..\obj\stm32l1xx_rtc.o
 .debug_aranges
                0x000008f0       0x40 ..\..\..\..\genericFunction\genericFunction_Lib\Debug\bin\libgenericfunction_lib.a(main.o)

.debug_ranges   0x00000000      0x7d0
 .debug_ranges  0x00000000       0x18 ..\obj\rtcInit.o
 .debug_ranges  0x00000018       0x78 ..\obj\stm32l1xx_gpio.o
 .debug_ranges  0x00000090       0x78 ..\obj\stm32l1xx_pwr.o
 .debug_ranges  0x00000108       0x28 ..\obj\uartInit.o
 .debug_ranges  0x00000130       0x18 ..\obj\startup_stm32l1xx_md.o
 .debug_ranges  0x00000148       0x30 ..\obj\cpuLoad.o
 .debug_ranges  0x00000178       0x10 ..\obj\parcing.o
 .debug_ranges  0x00000188      0x138 ..\obj\stm32l1xx_rcc.o
 .debug_ranges  0x000002c0       0x20 ..\obj\system_stm32l1xx.o
 .debug_ranges  0x000002e0       0x28 ..\obj\main.o
 .debug_ranges  0x00000308       0x10 ..\obj\assignValues.o
 .debug_ranges  0x00000318       0x30 ..\obj\createEditDeleteCallLogEndCall.o
 .debug_ranges  0x00000348       0x20 ..\obj\gpio.o
 .debug_ranges  0x00000368       0x30 ..\obj\display.o
 .debug_ranges  0x00000398       0x70 ..\obj\stm32l1xx_syscfg.o
 .debug_ranges  0x00000408       0x50 ..\obj\syscalls.o
 .debug_ranges  0x00000458       0x38 ..\obj\compareFunction.o
 .debug_ranges  0x00000490       0xf0 ..\obj\stm32l1xx_usart.o
 .debug_ranges  0x00000580       0x30 ..\obj\queue.o
 .debug_ranges  0x000005b0       0x30 ..\obj\misc.o
 .debug_ranges  0x000005e0      0x1c0 ..\obj\stm32l1xx_rtc.o
 .debug_ranges  0x000007a0       0x30 ..\..\..\..\genericFunction\genericFunction_Lib\Debug\bin\libgenericfunction_lib.a(main.o)

.debug_line     0x00000000     0x315d
 .debug_line    0x00000000      0x1df ..\obj\rtcInit.o
 .debug_line    0x000001df      0x2af ..\obj\stm32l1xx_gpio.o
 .debug_line    0x0000048e      0x27c ..\obj\stm32l1xx_pwr.o
 .debug_line    0x0000070a      0x214 ..\obj\uartInit.o
 .debug_line    0x0000091e       0x91 ..\obj\startup_stm32l1xx_md.o
 .debug_line    0x000009af      0x1c2 ..\obj\cpuLoad.o
 .debug_line    0x00000b71      0x156 ..\obj\parcing.o
 .debug_line    0x00000cc7      0x48e ..\obj\stm32l1xx_rcc.o
 .debug_line    0x00001155      0x19f ..\obj\system_stm32l1xx.o
 .debug_line    0x000012f4      0x200 ..\obj\main.o
 .debug_line    0x000014f4      0x160 ..\obj\assignValues.o
 .debug_line    0x00001654      0x230 ..\obj\createEditDeleteCallLogEndCall.o
 .debug_line    0x00001884      0x1bb ..\obj\gpio.o
 .debug_line    0x00001a3f      0x1c7 ..\obj\display.o
 .debug_line    0x00001c06      0x25c ..\obj\stm32l1xx_syscfg.o
 .debug_line    0x00001e62      0x140 ..\obj\syscalls.o
 .debug_line    0x00001fa2      0x204 ..\obj\compareFunction.o
 .debug_line    0x000021a6      0x407 ..\obj\stm32l1xx_usart.o
 .debug_line    0x000025ad      0x192 ..\obj\queue.o
 .debug_line    0x0000273f      0x1b4 ..\obj\misc.o
 .debug_line    0x000028f3      0x775 ..\obj\stm32l1xx_rtc.o
 .debug_line    0x00003068       0xf5 ..\..\..\..\genericFunction\genericFunction_Lib\Debug\bin\libgenericfunction_lib.a(main.o)

.debug_str      0x00000000     0x2948
 .debug_str     0x00000000      0x67c ..\obj\rtcInit.o
                                0x6e8 (size before relaxing)
 .debug_str     0x0000067c      0x347 ..\obj\stm32l1xx_gpio.o
                                0x4b3 (size before relaxing)
 .debug_str     0x000009c3      0x20d ..\obj\stm32l1xx_pwr.o
                                0x3b3 (size before relaxing)
 .debug_str     0x00000bd0      0x139 ..\obj\uartInit.o
                                0x8a6 (size before relaxing)
 .debug_str     0x00000d09       0xa7 ..\obj\startup_stm32l1xx_md.o
                                0x13e (size before relaxing)
 .debug_str     0x00000db0       0xb4 ..\obj\cpuLoad.o
                                0x2d5 (size before relaxing)
 .debug_str     0x00000e64       0x56 ..\obj\parcing.o
                                0x267 (size before relaxing)
 .debug_str     0x00000eba      0x513 ..\obj\stm32l1xx_rcc.o
                                0x6f7 (size before relaxing)
 .debug_str     0x000013cd       0xb6 ..\obj\system_stm32l1xx.o
                                0x341 (size before relaxing)
 .debug_str     0x00001483       0xd1 ..\obj\main.o
                                0x702 (size before relaxing)
 .debug_str     0x00001554       0x52 ..\obj\assignValues.o
                                0x29f (size before relaxing)
 .debug_str     0x000015a6       0x7f ..\obj\createEditDeleteCallLogEndCall.o
                                0x30f (size before relaxing)
 .debug_str     0x00001625       0x41 ..\obj\gpio.o
                                0x442 (size before relaxing)
 .debug_str     0x00001666       0x69 ..\obj\display.o
                                0x2a9 (size before relaxing)
 .debug_str     0x000016cf      0x270 ..\obj\stm32l1xx_syscfg.o
                                0x401 (size before relaxing)
 .debug_str     0x0000193f      0x17f ..\obj\syscalls.o
                                0x2b4 (size before relaxing)
 .debug_str     0x00001abe       0x7f ..\obj\compareFunction.o
                                0x310 (size before relaxing)
 .debug_str     0x00001b3d      0x388 ..\obj\stm32l1xx_usart.o
                                0x677 (size before relaxing)
 .debug_str     0x00001ec5       0x5f ..\obj\queue.o
                                0x270 (size before relaxing)
 .debug_str     0x00001f24       0xfb ..\obj\misc.o
                                0x3b6 (size before relaxing)
 .debug_str     0x0000201f      0x897 ..\obj\stm32l1xx_rtc.o
                                0xb34 (size before relaxing)
 .debug_str     0x000028b6       0x92 ..\..\..\..\genericFunction\genericFunction_Lib\Debug\bin\libgenericfunction_lib.a(main.o)
                                0x212 (size before relaxing)

.comment        0x00000000       0x70
 .comment       0x00000000       0x70 ..\obj\rtcInit.o
                                 0x71 (size before relaxing)
 .comment       0x00000000       0x71 ..\obj\stm32l1xx_gpio.o
 .comment       0x00000000       0x71 ..\obj\stm32l1xx_pwr.o
 .comment       0x00000000       0x71 ..\obj\uartInit.o
 .comment       0x00000000       0x71 ..\obj\startup_stm32l1xx_md.o
 .comment       0x00000000       0x71 ..\obj\cpuLoad.o
 .comment       0x00000000       0x71 ..\obj\parcing.o
 .comment       0x00000000       0x71 ..\obj\stm32l1xx_rcc.o
 .comment       0x00000000       0x71 ..\obj\system_stm32l1xx.o
 .comment       0x00000000       0x71 ..\obj\main.o
 .comment       0x00000000       0x71 ..\obj\assignValues.o
 .comment       0x00000000       0x71 ..\obj\createEditDeleteCallLogEndCall.o
 .comment       0x00000000       0x71 ..\obj\gpio.o
 .comment       0x00000000       0x71 ..\obj\display.o
 .comment       0x00000000       0x71 ..\obj\stm32l1xx_syscfg.o
 .comment       0x00000000       0x71 ..\obj\syscalls.o
 .comment       0x00000000       0x71 ..\obj\compareFunction.o
 .comment       0x00000000       0x71 ..\obj\stm32l1xx_usart.o
 .comment       0x00000000       0x71 ..\obj\queue.o
 .comment       0x00000000       0x71 ..\obj\misc.o
 .comment       0x00000000       0x71 ..\obj\stm32l1xx_rtc.o
 .comment       0x00000000       0x71 ..\..\..\..\genericFunction\genericFunction_Lib\Debug\bin\libgenericfunction_lib.a(main.o)

.ARM.attributes
                0x00000000       0x31
 .ARM.attributes
                0x00000000       0x33 ..\obj\rtcInit.o
 .ARM.attributes
                0x00000033       0x33 ..\obj\stm32l1xx_gpio.o
 .ARM.attributes
                0x00000066       0x33 ..\obj\stm32l1xx_pwr.o
 .ARM.attributes
                0x00000099       0x33 ..\obj\uartInit.o
 .ARM.attributes
                0x000000cc       0x33 ..\obj\startup_stm32l1xx_md.o
 .ARM.attributes
                0x000000ff       0x33 ..\obj\cpuLoad.o
 .ARM.attributes
                0x00000132       0x33 ..\obj\parcing.o
 .ARM.attributes
                0x00000165       0x33 ..\obj\stm32l1xx_rcc.o
 .ARM.attributes
                0x00000198       0x33 ..\obj\system_stm32l1xx.o
 .ARM.attributes
                0x000001cb       0x33 ..\obj\main.o
 .ARM.attributes
                0x000001fe       0x33 ..\obj\assignValues.o
 .ARM.attributes
                0x00000231       0x33 ..\obj\createEditDeleteCallLogEndCall.o
 .ARM.attributes
                0x00000264       0x33 ..\obj\gpio.o
 .ARM.attributes
                0x00000297       0x33 ..\obj\display.o
 .ARM.attributes
                0x000002ca       0x33 ..\obj\stm32l1xx_syscfg.o
 .ARM.attributes
                0x000002fd       0x33 ..\obj\syscalls.o
 .ARM.attributes
                0x00000330       0x33 ..\obj\compareFunction.o
 .ARM.attributes
                0x00000363       0x33 ..\obj\stm32l1xx_usart.o
 .ARM.attributes
                0x00000396       0x33 ..\obj\queue.o
 .ARM.attributes
                0x000003c9       0x33 ..\obj\misc.o
 .ARM.attributes
                0x000003fc       0x33 ..\obj\stm32l1xx_rtc.o
 .ARM.attributes
                0x0000042f       0x33 ..\..\..\..\genericFunction\genericFunction_Lib\Debug\bin\libgenericfunction_lib.a(main.o)
 .ARM.attributes
                0x00000462       0x1d c:/program files/arm gcc/bin/../lib/gcc/arm-none-eabi/4.9.3/armv7-m\libgcc.a(_arm_addsubdf3.o)
 .ARM.attributes
                0x0000047f       0x1d c:/program files/arm gcc/bin/../lib/gcc/arm-none-eabi/4.9.3/armv7-m\libgcc.a(_arm_muldivdf3.o)
 .ARM.attributes
                0x0000049c       0x1d c:/program files/arm gcc/bin/../lib/gcc/arm-none-eabi/4.9.3/armv7-m\libgcc.a(_arm_truncdfsf2.o)
 .ARM.attributes
                0x000004b9       0x1d c:/program files/arm gcc/bin/../lib/gcc/arm-none-eabi/4.9.3/armv7-m\libgcc.a(_arm_fixsfsi.o)
 .ARM.attributes
                0x000004d6       0x2d c:/program files/arm gcc/bin/../lib/gcc/arm-none-eabi/4.9.3/../../../../arm-none-eabi/lib/armv7-m\libg.a(lib_a-malloc.o)
 .ARM.attributes
                0x00000503       0x2d c:/program files/arm gcc/bin/../lib/gcc/arm-none-eabi/4.9.3/../../../../arm-none-eabi/lib/armv7-m\libg.a(lib_a-mallocr.o)
 .ARM.attributes
                0x00000530       0x2d c:/program files/arm gcc/bin/../lib/gcc/arm-none-eabi/4.9.3/../../../../arm-none-eabi/lib/armv7-m\libg.a(lib_a-mlock.o)
 .ARM.attributes
                0x0000055d       0x2d c:/program files/arm gcc/bin/../lib/gcc/arm-none-eabi/4.9.3/../../../../arm-none-eabi/lib/armv7-m\libg.a(lib_a-sbrkr.o)
 .ARM.attributes
                0x0000058a       0x1b c:/program files/arm gcc/bin/../lib/gcc/arm-none-eabi/4.9.3/../../../../arm-none-eabi/lib/armv7-m\libg.a(lib_a-strcmp.o)
 .ARM.attributes
                0x000005a5       0x2d c:/program files/arm gcc/bin/../lib/gcc/arm-none-eabi/4.9.3/../../../../arm-none-eabi/lib/armv7-m\libg.a(lib_a-strcpy.o)
 .ARM.attributes
                0x000005d2       0x2d c:/program files/arm gcc/bin/../lib/gcc/arm-none-eabi/4.9.3/../../../../arm-none-eabi/lib/armv7-m\libg.a(lib_a-strlen.o)
 .ARM.attributes
                0x000005ff       0x2d c:/program files/arm gcc/bin/../lib/gcc/arm-none-eabi/4.9.3/../../../../arm-none-eabi/lib/armv7-m\libg.a(lib_a-strtok.o)
 .ARM.attributes
                0x0000062c       0x2d c:/program files/arm gcc/bin/../lib/gcc/arm-none-eabi/4.9.3/../../../../arm-none-eabi/lib/armv7-m\libg.a(lib_a-strtok_r.o)
 .ARM.attributes
                0x00000659       0x2d c:/program files/arm gcc/bin/../lib/gcc/arm-none-eabi/4.9.3/../../../../arm-none-eabi/lib/armv7-m\libg.a(lib_a-freer.o)
 .ARM.attributes
                0x00000686       0x2d c:/program files/arm gcc/bin/../lib/gcc/arm-none-eabi/4.9.3/../../../../arm-none-eabi/lib/armv7-m\libg.a(lib_a-impure.o)
 .ARM.attributes
                0x000006b3       0x2d c:/program files/arm gcc/bin/../lib/gcc/arm-none-eabi/4.9.3/../../../../arm-none-eabi/lib/armv7-m\libg.a(lib_a-reent.o)

.debug_frame    0x00000000     0x25cc
 .debug_frame   0x00000000       0x58 ..\obj\rtcInit.o
 .debug_frame   0x00000058      0x23c ..\obj\stm32l1xx_gpio.o
 .debug_frame   0x00000294      0x22c ..\obj\stm32l1xx_pwr.o
 .debug_frame   0x000004c0       0x90 ..\obj\uartInit.o
 .debug_frame   0x00000550       0x4c ..\obj\startup_stm32l1xx_md.o
 .debug_frame   0x0000059c       0xc8 ..\obj\cpuLoad.o
 .debug_frame   0x00000664       0x34 ..\obj\parcing.o
 .debug_frame   0x00000698      0x5e4 ..\obj\stm32l1xx_rcc.o
 .debug_frame   0x00000c7c       0x7c ..\obj\system_stm32l1xx.o
 .debug_frame   0x00000cf8       0x94 ..\obj\main.o
 .debug_frame   0x00000d8c       0x34 ..\obj\assignValues.o
 .debug_frame   0x00000dc0       0xc4 ..\obj\createEditDeleteCallLogEndCall.o
 .debug_frame   0x00000e84       0x6c ..\obj\gpio.o
 .debug_frame   0x00000ef0       0xc4 ..\obj\display.o
 .debug_frame   0x00000fb4      0x1fc ..\obj\stm32l1xx_syscfg.o
 .debug_frame   0x000011b0      0x168 ..\obj\syscalls.o
 .debug_frame   0x00001318       0xf0 ..\obj\compareFunction.o
 .debug_frame   0x00001408      0x490 ..\obj\stm32l1xx_usart.o
 .debug_frame   0x00001898       0xd8 ..\obj\queue.o
 .debug_frame   0x00001970       0xd8 ..\obj\misc.o
 .debug_frame   0x00001a48      0x860 ..\obj\stm32l1xx_rtc.o
 .debug_frame   0x000022a8       0xd0 ..\..\..\..\genericFunction\genericFunction_Lib\Debug\bin\libgenericfunction_lib.a(main.o)
 .debug_frame   0x00002378       0x30 c:/program files/arm gcc/bin/../lib/gcc/arm-none-eabi/4.9.3/../../../../arm-none-eabi/lib/armv7-m\libg.a(lib_a-malloc.o)
 .debug_frame   0x000023a8       0x54 c:/program files/arm gcc/bin/../lib/gcc/arm-none-eabi/4.9.3/../../../../arm-none-eabi/lib/armv7-m\libg.a(lib_a-mallocr.o)
 .debug_frame   0x000023fc       0x30 c:/program files/arm gcc/bin/../lib/gcc/arm-none-eabi/4.9.3/../../../../arm-none-eabi/lib/armv7-m\libg.a(lib_a-mlock.o)
 .debug_frame   0x0000242c       0x2c c:/program files/arm gcc/bin/../lib/gcc/arm-none-eabi/4.9.3/../../../../arm-none-eabi/lib/armv7-m\libg.a(lib_a-sbrkr.o)
 .debug_frame   0x00002458       0x20 c:/program files/arm gcc/bin/../lib/gcc/arm-none-eabi/4.9.3/../../../../arm-none-eabi/lib/armv7-m\libg.a(lib_a-strcpy.o)
 .debug_frame   0x00002478       0x20 c:/program files/arm gcc/bin/../lib/gcc/arm-none-eabi/4.9.3/../../../../arm-none-eabi/lib/armv7-m\libg.a(lib_a-strlen.o)
 .debug_frame   0x00002498       0x20 c:/program files/arm gcc/bin/../lib/gcc/arm-none-eabi/4.9.3/../../../../arm-none-eabi/lib/armv7-m\libg.a(lib_a-strtok.o)
 .debug_frame   0x000024b8       0x48 c:/program files/arm gcc/bin/../lib/gcc/arm-none-eabi/4.9.3/../../../../arm-none-eabi/lib/armv7-m\libg.a(lib_a-strtok_r.o)
 .debug_frame   0x00002500       0x74 c:/program files/arm gcc/bin/../lib/gcc/arm-none-eabi/4.9.3/../../../../arm-none-eabi/lib/armv7-m\libg.a(lib_a-freer.o)
 .debug_frame   0x00002574       0x58 c:/program files/arm gcc/bin/../lib/gcc/arm-none-eabi/4.9.3/../../../../arm-none-eabi/lib/armv7-m\libg.a(lib_a-reent.o)
